apiVersion: gateway.networking.k8s.io/v1alpha2
kind: HTTPRoute
metadata:
  creationTimestamp: null
  name: same
  namespace: default
spec: null
status:
  parents:
  - conditions:
    - lastTransitionTime: fake
      message: Route was valid
      reason: RouteAdmitted
      status: "True"
      type: Accepted
    controllerName: istio.io/gateway-controller
    parentRef:
      kind: Mesh
      name: istio
---
apiVersion: gateway.networking.k8s.io/v1alpha2
kind: HTTPRoute
metadata:
  creationTimestamp: null
  name: other
  namespace: default
spec: null
status:
  parents:
  - conditions:
    - lastTransitionTime: fake
      message: Route was valid
      reason: RouteAdmitted
      status: "True"
      type: Accepted
    controllerName: istio.io/gateway-controller
    parentRef:
      kind: Mesh
      name: istio
---
apiVersion: gateway.networking.k8s.io/v1alpha2
kind: HTTPRoute
metadata:
  creationTimestamp: null
  name: dual
  namespace: default
spec: null
status:
  parents:
  - conditions:
    - lastTransitionTime: fake
      message: Route was valid
      reason: RouteAdmitted
      status: "True"
      type: Accepted
    controllerName: istio.io/gateway-controller
    parentRef:
      kind: Mesh
      name: istio
---
